mke2fs 1.44.5 (15-Dec-2018)
fs_types for mke2fs.conf resolution: 'ext3'
Filesystem label=ROUTER
OS type: Linux
Block size=4096 (log=2)
Fragment size=4096 (log=2)
Stride=0 blocks, Stripe width=0 blocks
3842048 inodes, 15359488 blocks
767974 blocks (5.00%) reserved for the super user
First data block=0
Maximum filesystem blocks=4294967296
469 block groups
32768 blocks per group, 32768 fragments per group
8192 inodes per group
Filesystem UUID: e43f98f7-80e3-48c9-b038-f85f05b9526b
Superblock backups stored on blocks: 
	32768, 98304, 163840, 229376, 294912, 819200, 884736, 1605632, 2654208, 
	4096000, 7962624, 11239424

Allocating group tables:   0/469       done                            
Writing inode tables:   0/469  1/469  2/469  3/469  4/469  5/469  6/469  7/469  8/469  9/469 10/469 11/469 12/469 13/469 14/469 15/469 16/469 17/469 18/469 19/469 20/469 21/469 22/469 23/469 24/469 26/469 27/469